// Jest Snapshot v1, https://goo.gl/fbAQLP

exports[`generate e11y app  1`] = `
Array [
  "/entries/languages-and-frameworks/TypeScript/index.html",
  "/entries/platforms/Nodejs/index.html",
  "/entries/techniques/Гексагональная архитектура/index.html",
  "/entries/tools/codeclimate/index.html",
  "/favicon.ico",
  "/index.html",
  "/radar.css",
  "/radar.js",
]
`;
